[32m[Nest] 54424  - [39m08/29/2026, 8:12:43 PM [32m    LOG[39m [38;5;3m[NestFactory] [39m[32mStarting Nest application...[39m
[32m[Nest] 54424  - [39m08/29/2026, 8:12:43 PM [32m    LOG[39m [38;5;3m[InstanceLoader] [39m[32mConfigHostModule dependencies initialized[39m[38;5;3m +76ms[39m
[32m[Nest] 54424  - [39m08/29/2026, 8:12:43 PM [32m    LOG[39m [38;5;3m[InstanceLoader] [39m[32mThrottlerModule dependencies initialized[39m[38;5;3m +1ms[39m
[32m[Nest] 54424  - [39m08/29/2026, 8:12:43 PM [32m    LOG[39m [38;5;3m[InstanceLoader] [39m[32mDiscoveryModule dependencies initialized[39m[38;5;3m +0ms[39m
[32m[Nest] 54424  - [39m08/29/2026, 8:12:43 PM [32m    LOG[39m [38;5;3m[InstanceLoader] [39m[32mConfigModule dependencies initialized[39m[38;5;3m +0ms[39m
[32m[Nest] 54424  - [39m08/29/2026, 8:12:43 PM [32m    LOG[39m [38;5;3m[InstanceLoader] [39m[32mScheduleModule dependencies initialized[39m[38;5;3m +3ms[39m
[32m[Nest] 54424  - [39m08/29/2026, 8:12:43 PM [32m    LOG[39m [38;5;3m[InstanceLoader] [39m[32mSupabaseModule dependencies initialized[39m[38;5;3m +0ms[39m
[32m[Nest] 54424  - [39m08/29/2026, 8:12:43 PM [32m    LOG[39m [38;5;3m[InstanceLoader] [39m[32mRealtimeModule dependencies initialized[39m[38;5;3m +1ms[39m
[32m[Nest] 54424  - [39m08/29/2026, 8:12:43 PM [32m    LOG[39m [38;5;3m[InstanceLoader] [39m[32mAuthModule dependencies initialized[39m[38;5;3m +0ms[39m
[32m[Nest] 54424  - [39m08/29/2026, 8:12:43 PM [32m    LOG[39m [38;5;3m[InstanceLoader] [39m[32mAppModule dependencies initialized[39m[38;5;3m +0ms[39m
[32m[Nest] 54424  - [39m08/29/2026, 8:12:43 PM [32m    LOG[39m [38;5;3m[InstanceLoader] [39m[32mSystemNotificationsModule dependencies initialized[39m[38;5;3m +0ms[39m
[32m[Nest] 54424  - [39m08/29/2026, 8:12:43 PM [32m    LOG[39m [38;5;3m[InstanceLoader] [39m[32mNotesModule dependencies initialized[39m[38;5;3m +0ms[39m
[32m[Nest] 54424  - [39m08/29/2026, 8:12:43 PM [32m    LOG[39m [38;5;3m[InstanceLoader] [39m[32mTodosModule dependencies initialized[39m[38;5;3m +1ms[39m
[32m[Nest] 54424  - [39m08/29/2026, 8:12:43 PM [32m    LOG[39m [38;5;3m[InstanceLoader] [39m[32mMailModule dependencies initialized[39m[38;5;3m +0ms[39m
[32m[Nest] 54424  - [39m08/29/2026, 8:12:43 PM [32m    LOG[39m [38;5;3m[InstanceLoader] [39m[32mPushModule dependencies initialized[39m[38;5;3m +0ms[39m
[32m[Nest] 54424  - [39m08/29/2026, 8:12:43 PM [32m    LOG[39m [38;5;3m[InstanceLoader] [39m[32mAiModule dependencies initialized[39m[38;5;3m +0ms[39m
[32m[Nest] 54424  - [39m08/29/2026, 8:12:43 PM [32m    LOG[39m [38;5;3m[InstanceLoader] [39m[32mGroupsModule dependencies initialized[39m[38;5;3m +0ms[39m
[32m[Nest] 54424  - [39m08/29/2026, 8:12:43 PM [32m    LOG[39m [38;5;3m[InstanceLoader] [39m[32mCalendarsModule dependencies initialized[39m[38;5;3m +0ms[39m
[32m[Nest] 54424  - [39m08/29/2026, 8:12:43 PM [32m    LOG[39m [38;5;3m[InstanceLoader] [39m[32mCommentsModule dependencies initialized[39m[38;5;3m +0ms[39m
[32m[Nest] 54424  - [39m08/29/2026, 8:12:43 PM [32m    LOG[39m [38;5;3m[InstanceLoader] [39m[32mRemindersModule dependencies initialized[39m[38;5;3m +0ms[39m
[32m[Nest] 54424  - [39m08/29/2026, 8:12:43 PM [32m    LOG[39m [38;5;3m[InstanceLoader] [39m[32mEventsModule dependencies initialized[39m[38;5;3m +0ms[39m
[32m[Nest] 54424  - [39m08/29/2026, 8:12:43 PM [32m    LOG[39m [38;5;3m[InstanceLoader] [39m[32mImportModule dependencies initialized[39m[38;5;3m +0ms[39m
[32m[Nest] 54424  - [39m08/29/2026, 8:12:43 PM [32m    LOG[39m [38;5;3m[WebSocketsController] [39m[32mRealtimeGateway subscribed to the "joinCalendar" message[39m[38;5;3m +9ms[39m
[32m[Nest] 54424  - [39m08/29/2026, 8:12:43 PM [32m    LOG[39m [38;5;3m[WebSocketsController] [39m[32mRealtimeGateway subscribed to the "leaveCalendar" message[39m[38;5;3m +0ms[39m
[32m[Nest] 54424  - [39m08/29/2026, 8:12:43 PM [32m    LOG[39m [38;5;3m[RoutesResolver] [39m[32mAppController {/}:[39m[38;5;3m +0ms[39m
[32m[Nest] 54424  - [39m08/29/2026, 8:12:43 PM [32m    LOG[39m [38;5;3m[RouterExplorer] [39m[32mMapped {/, GET} route[39m[38;5;3m +1ms[39m
[32m[Nest] 54424  - [39m08/29/2026, 8:12:43 PM [32m    LOG[39m [38;5;3m[RoutesResolver] [39m[32mCalendarsController {/calendars}:[39m[38;5;3m +1ms[39m
[32m[Nest] 54424  - [39m08/29/2026, 8:12:43 PM [32m    LOG[39m [38;5;3m[RouterExplorer] [39m[32mMapped {/calendars, GET} route[39m[38;5;3m +0ms[39m
[32m[Nest] 54424  - [39m08/29/2026, 8:12:43 PM [32m    LOG[39m [38;5;3m[RouterExplorer] [39m[32mMapped {/calendars, POST} route[39m[38;5;3m +0ms[39m
[32m[Nest] 54424  - [39m08/29/2026, 8:12:43 PM [32m    LOG[39m [38;5;3m[RouterExplorer] [39m[32mMapped {/calendars/:id, PATCH} route[39m[38;5;3m +0ms[39m
[32m[Nest] 54424  - [39m08/29/2026, 8:12:43 PM [32m    LOG[39m [38;5;3m[RouterExplorer] [39m[32mMapped {/calendars/:id, DELETE} route[39m[38;5;3m +1ms[39m
[32m[Nest] 54424  - [39m08/29/2026, 8:12:43 PM [32m    LOG[39m [38;5;3m[RouterExplorer] [39m[32mMapped {/calendars/:id/members, GET} route[39m[38;5;3m +0ms[39m
[32m[Nest] 54424  - [39m08/29/2026, 8:12:43 PM [32m    LOG[39m [38;5;3m[RouterExplorer] [39m[32mMapped {/calendars/invites/mine, GET} route[39m[38;5;3m +0ms[39m
[32m[Nest] 54424  - [39m08/29/2026, 8:12:43 PM [32m    LOG[39m [38;5;3m[RouterExplorer] [39m[32mMapped {/calendars/invites/:inviteId/respond, POST} route[39m[38;5;3m +0ms[39m
[32m[Nest] 54424  - [39m08/29/2026, 8:12:43 PM [32m    LOG[39m [38;5;3m[RouterExplorer] [39m[32mMapped {/calendars/:id/invites, POST} route[39m[38;5;3m +0ms[39m
[32m[Nest] 54424  - [39m08/29/2026, 8:12:43 PM [32m    LOG[39m [38;5;3m[RoutesResolver] [39m[32mEventsController {/events}:[39m[38;5;3m +0ms[39m
[32m[Nest] 54424  - [39m08/29/2026, 8:12:43 PM [32m    LOG[39m [38;5;3m[RouterExplorer] [39m[32mMapped {/events, GET} route[39m[38;5;3m +0ms[39m
[32m[Nest] 54424  - [39m08/29/2026, 8:12:43 PM [32m    LOG[39m [38;5;3m[RouterExplorer] [39m[32mMapped {/events/trash, GET} route[39m[38;5;3m +0ms[39m
[32m[Nest] 54424  - [39m08/29/2026, 8:12:43 PM [32m    LOG[39m [38;5;3m[RouterExplorer] [39m[32mMapped {/events/invites/mine, GET} route[39m[38;5;3m +0ms[39m
[32m[Nest] 54424  - [39m08/29/2026, 8:12:43 PM [32m    LOG[39m [38;5;3m[RouterExplorer] [39m[32mMapped {/events, POST} route[39m[38;5;3m +0ms[39m
[32m[Nest] 54424  - [39m08/29/2026, 8:12:43 PM [32m    LOG[39m [38;5;3m[RouterExplorer] [39m[32mMapped {/events/series, POST} route[39m[38;5;3m +0ms[39m
[32m[Nest] 54424  - [39m08/29/2026, 8:12:43 PM [32m    LOG[39m [38;5;3m[RouterExplorer] [39m[32mMapped {/events/check-conflicts, POST} route[39m[38;5;3m +1ms[39m
[32m[Nest] 54424  - [39m08/29/2026, 8:12:43 PM [32m    LOG[39m [38;5;3m[RouterExplorer] [39m[32mMapped {/events/:id/invite, POST} route[39m[38;5;3m +0ms[39m
[32m[Nest] 54424  - [39m08/29/2026, 8:12:43 PM [32m    LOG[39m [38;5;3m[RouterExplorer] [39m[32mMapped {/events/:id/respond, POST} route[39m[38;5;3m +0ms[39m
[32m[Nest] 54424  - [39m08/29/2026, 8:12:43 PM [32m    LOG[39m [38;5;3m[RouterExplorer] [39m[32mMapped {/events/:id/attendees, GET} route[39m[38;5;3m +0ms[39m
[32m[Nest] 54424  - [39m08/29/2026, 8:12:43 PM [32m    LOG[39m [38;5;3m[RouterExplorer] [39m[32mMapped {/events/:id, PATCH} route[39m[38;5;3m +0ms[39m
[32m[Nest] 54424  - [39m08/29/2026, 8:12:43 PM [32m    LOG[39m [38;5;3m[RouterExplorer] [39m[32mMapped {/events/:id/series, PATCH} route[39m[38;5;3m +0ms[39m
[32m[Nest] 54424  - [39m08/29/2026, 8:12:43 PM [32m    LOG[39m [38;5;3m[RouterExplorer] [39m[32mMapped {/events/:id, DELETE} route[39m[38;5;3m +0ms[39m
[32m[Nest] 54424  - [39m08/29/2026, 8:12:43 PM [32m    LOG[39m [38;5;3m[RouterExplorer] [39m[32mMapped {/events/:id/series, DELETE} route[39m[38;5;3m +0ms[39m
[32m[Nest] 54424  - [39m08/29/2026, 8:12:43 PM [32m    LOG[39m [38;5;3m[RouterExplorer] [39m[32mMapped {/events/:id/restore, POST} route[39m[38;5;3m +0ms[39m
[32m[Nest] 54424  - [39m08/29/2026, 8:12:43 PM [32m    LOG[39m [38;5;3m[RouterExplorer] [39m[32mMapped {/events/:id/permanent, DELETE} route[39m[38;5;3m +0ms[39m
[32m[Nest] 54424  - [39m08/29/2026, 8:12:43 PM [32m    LOG[39m [38;5;3m[RoutesResolver] [39m[32mPublicRespondController {/events}:[39m[38;5;3m +0ms[39m
[32m[Nest] 54424  - [39m08/29/2026, 8:12:43 PM [32m    LOG[39m [38;5;3m[RouterExplorer] [39m[32mMapped {/events/:id/respond-via-email, GET} route[39m[38;5;3m +0ms[39m
[32m[Nest] 54424  - [39m08/29/2026, 8:12:43 PM [32m    LOG[39m [38;5;3m[RoutesResolver] [39m[32mMailController {/mail}:[39m[38;5;3m +0ms[39m
[32m[Nest] 54424  - [39m08/29/2026, 8:12:43 PM [32m    LOG[39m [38;5;3m[RouterExplorer] [39m[32mMapped {/mail/test-send, POST} route[39m[38;5;3m +1ms[39m
[32m[Nest] 54424  - [39m08/29/2026, 8:12:43 PM [32m    LOG[39m [38;5;3m[RoutesResolver] [39m[32mRemindersController {/}:[39m[38;5;3m +0ms[39m
[32m[Nest] 54424  - [39m08/29/2026, 8:12:43 PM [32m    LOG[39m [38;5;3m[RouterExplorer] [39m[32mMapped {/events/:eventId/reminders, GET} route[39m[38;5;3m +0ms[39m
[32m[Nest] 54424  - [39m08/29/2026, 8:12:43 PM [32m    LOG[39m [38;5;3m[RouterExplorer] [39m[32mMapped {/reminders/missed, GET} route[39m[38;5;3m +0ms[39m
[32m[Nest] 54424  - [39m08/29/2026, 8:12:43 PM [32m    LOG[39m [38;5;3m[RouterExplorer] [39m[32mMapped {/events/:eventId/reminders, PUT} route[39m[38;5;3m +0ms[39m
[32m[Nest] 54424  - [39m08/29/2026, 8:12:43 PM [32m    LOG[39m [38;5;3m[RouterExplorer] [39m[32mMapped {/events/:eventId/reminders/all-members, PUT} route[39m[38;5;3m +0ms[39m
[32m[Nest] 54424  - [39m08/29/2026, 8:12:43 PM [32m    LOG[39m [38;5;3m[RouterExplorer] [39m[32mMapped {/reminders/:id/snooze, POST} route[39m[38;5;3m +0ms[39m
[32m[Nest] 54424  - [39m08/29/2026, 8:12:43 PM [32m    LOG[39m [38;5;3m[RoutesResolver] [39m[32mPushController {/push}:[39m[38;5;3m +0ms[39m
[32m[Nest] 54424  - [39m08/29/2026, 8:12:43 PM [32m    LOG[39m [38;5;3m[RouterExplorer] [39m[32mMapped {/push/subscribe, POST} route[39m[38;5;3m +0ms[39m
[32m[Nest] 54424  - [39m08/29/2026, 8:12:43 PM [32m    LOG[39m [38;5;3m[RouterExplorer] [39m[32mMapped {/push/subscribe, DELETE} route[39m[38;5;3m +0ms[39m
[32m[Nest] 54424  - [39m08/29/2026, 8:12:43 PM [32m    LOG[39m [38;5;3m[RoutesResolver] [39m[32mNotesController {/notes}:[39m[38;5;3m +0ms[39m
[32m[Nest] 54424  - [39m08/29/2026, 8:12:43 PM [32m    LOG[39m [38;5;3m[RouterExplorer] [39m[32mMapped {/notes, GET} route[39m[38;5;3m +0ms[39m
[32m[Nest] 54424  - [39m08/29/2026, 8:12:43 PM [32m    LOG[39m [38;5;3m[RouterExplorer] [39m[32mMapped {/notes/trash, GET} route[39m[38;5;3m +0ms[39m
[32m[Nest] 54424  - [39m08/29/2026, 8:12:43 PM [32m    LOG[39m [38;5;3m[RouterExplorer] [39m[32mMapped {/notes, POST} route[39m[38;5;3m +0ms[39m
[32m[Nest] 54424  - [39m08/29/2026, 8:12:43 PM [32m    LOG[39m [38;5;3m[RouterExplorer] [39m[32mMapped {/notes/:id, PATCH} route[39m[38;5;3m +0ms[39m
[32m[Nest] 54424  - [39m08/29/2026, 8:12:43 PM [32m    LOG[39m [38;5;3m[RouterExplorer] [39m[32mMapped {/notes/:id, DELETE} route[39m[38;5;3m +0ms[39m
[32m[Nest] 54424  - [39m08/29/2026, 8:12:43 PM [32m    LOG[39m [38;5;3m[RouterExplorer] [39m[32mMapped {/notes/:id/restore, POST} route[39m[38;5;3m +0ms[39m
[32m[Nest] 54424  - [39m08/29/2026, 8:12:43 PM [32m    LOG[39m [38;5;3m[RouterExplorer] [39m[32mMapped {/notes/:id/permanent, DELETE} route[39m[38;5;3m +0ms[39m
[32m[Nest] 54424  - [39m08/29/2026, 8:12:43 PM [32m    LOG[39m [38;5;3m[RoutesResolver] [39m[32mTodosController {/todos}:[39m[38;5;3m +0ms[39m
[32m[Nest] 54424  - [39m08/29/2026, 8:12:43 PM [32m    LOG[39m [38;5;3m[RouterExplorer] [39m[32mMapped {/todos, GET} route[39m[38;5;3m +0ms[39m
[32m[Nest] 54424  - [39m08/29/2026, 8:12:43 PM [32m    LOG[39m [38;5;3m[RouterExplorer] [39m[32mMapped {/todos, POST} route[39m[38;5;3m +0ms[39m
[32m[Nest] 54424  - [39m08/29/2026, 8:12:43 PM [32m    LOG[39m [38;5;3m[RouterExplorer] [39m[32mMapped {/todos/:id, PATCH} route[39m[38;5;3m +0ms[39m
[32m[Nest] 54424  - [39m08/29/2026, 8:12:43 PM [32m    LOG[39m [38;5;3m[RouterExplorer] [39m[32mMapped {/todos/:id, DELETE} route[39m[38;5;3m +0ms[39m
[32m[Nest] 54424  - [39m08/29/2026, 8:12:43 PM [32m    LOG[39m [38;5;3m[RoutesResolver] [39m[32mTodoListsController {/todo-lists}:[39m[38;5;3m +0ms[39m
[32m[Nest] 54424  - [39m08/29/2026, 8:12:43 PM [32m    LOG[39m [38;5;3m[RouterExplorer] [39m[32mMapped {/todo-lists, GET} route[39m[38;5;3m +0ms[39m
[32m[Nest] 54424  - [39m08/29/2026, 8:12:43 PM [32m    LOG[39m [38;5;3m[RouterExplorer] [39m[32mMapped {/todo-lists, POST} route[39m[38;5;3m +0ms[39m
[32m[Nest] 54424  - [39m08/29/2026, 8:12:43 PM [32m    LOG[39m [38;5;3m[RouterExplorer] [39m[32mMapped {/todo-lists/:id, PATCH} route[39m[38;5;3m +0ms[39m
[32m[Nest] 54424  - [39m08/29/2026, 8:12:43 PM [32m    LOG[39m [38;5;3m[RouterExplorer] [39m[32mMapped {/todo-lists/:id, DELETE} route[39m[38;5;3m +0ms[39m
[32m[Nest] 54424  - [39m08/29/2026, 8:12:43 PM [32m    LOG[39m [38;5;3m[RoutesResolver] [39m[32mCommentsController {/}:[39m[38;5;3m +0ms[39m
[32m[Nest] 54424  - [39m08/29/2026, 8:12:43 PM [32m    LOG[39m [38;5;3m[RouterExplorer] [39m[32mMapped {/events/:eventId/comments, GET} route[39m[38;5;3m +0ms[39m
[32m[Nest] 54424  - [39m08/29/2026, 8:12:43 PM [32m    LOG[39m [38;5;3m[RouterExplorer] [39m[32mMapped {/events/:eventId/comments, POST} route[39m[38;5;3m +1ms[39m
[32m[Nest] 54424  - [39m08/29/2026, 8:12:43 PM [32m    LOG[39m [38;5;3m[RouterExplorer] [39m[32mMapped {/comments/:id, DELETE} route[39m[38;5;3m +0ms[39m
[32m[Nest] 54424  - [39m08/29/2026, 8:12:43 PM [32m    LOG[39m [38;5;3m[RoutesResolver] [39m[32mAiController {/ai}:[39m[38;5;3m +0ms[39m
[32m[Nest] 54424  - [39m08/29/2026, 8:12:43 PM [32m    LOG[39m [38;5;3m[RouterExplorer] [39m[32mMapped {/ai/chat, POST} route[39m[38;5;3m +0ms[39m
[32m[Nest] 54424  - [39m08/29/2026, 8:12:43 PM [32m    LOG[39m [38;5;3m[RouterExplorer] [39m[32mMapped {/ai/analyze-file, POST} route[39m[38;5;3m +0ms[39m
[32m[Nest] 54424  - [39m08/29/2026, 8:12:43 PM [32m    LOG[39m [38;5;3m[RoutesResolver] [39m[32mImportController {/}:[39m[38;5;3m +0ms[39m
[32m[Nest] 54424  - [39m08/29/2026, 8:12:43 PM [32m    LOG[39m [38;5;3m[RouterExplorer] [39m[32mMapped {/calendars/import, POST} route[39m[38;5;3m +0ms[39m
[32m[Nest] 54424  - [39m08/29/2026, 8:12:43 PM [32m    LOG[39m [38;5;3m[RouterExplorer] [39m[32mMapped {/events/bulk-create, POST} route[39m[38;5;3m +0ms[39m
[32m[Nest] 54424  - [39m08/29/2026, 8:12:43 PM [32m    LOG[39m [38;5;3m[RoutesResolver] [39m[32mGroupsController {/groups}:[39m[38;5;3m +0ms[39m
[32m[Nest] 54424  - [39m08/29/2026, 8:12:43 PM [32m    LOG[39m [38;5;3m[RouterExplorer] [39m[32mMapped {/groups/invites/mine, GET} route[39m[38;5;3m +0ms[39m
[32m[Nest] 54424  - [39m08/29/2026, 8:12:43 PM [32m    LOG[39m [38;5;3m[RouterExplorer] [39m[32mMapped {/groups/invites/:inviteId/respond, PATCH} route[39m[38;5;3m +0ms[39m
[32m[Nest] 54424  - [39m08/29/2026, 8:12:43 PM [32m    LOG[39m [38;5;3m[RouterExplorer] [39m[32mMapped {/groups/tasks/mine, GET} route[39m[38;5;3m +0ms[39m
[32m[Nest] 54424  - [39m08/29/2026, 8:12:43 PM [32m    LOG[39m [38;5;3m[RouterExplorer] [39m[32mMapped {/groups/invite-link/preview, GET} route[39m[38;5;3m +0ms[39m
[32m[Nest] 54424  - [39m08/29/2026, 8:12:43 PM [32m    LOG[39m [38;5;3m[RouterExplorer] [39m[32mMapped {/groups/invite-link/join, POST} route[39m[38;5;3m +0ms[39m
[32m[Nest] 54424  - [39m08/29/2026, 8:12:43 PM [32m    LOG[39m [38;5;3m[RouterExplorer] [39m[32mMapped {/groups, POST} route[39m[38;5;3m +0ms[39m
[32m[Nest] 54424  - [39m08/29/2026, 8:12:43 PM [32m    LOG[39m [38;5;3m[RouterExplorer] [39m[32mMapped {/groups, GET} route[39m[38;5;3m +0ms[39m
[32m[Nest] 54424  - [39m08/29/2026, 8:12:43 PM [32m    LOG[39m [38;5;3m[RouterExplorer] [39m[32mMapped {/groups/:id, GET} route[39m[38;5;3m +1ms[39m
[32m[Nest] 54424  - [39m08/29/2026, 8:12:43 PM [32m    LOG[39m [38;5;3m[RouterExplorer] [39m[32mMapped {/groups/:id, PATCH} route[39m[38;5;3m +0ms[39m
[32m[Nest] 54424  - [39m08/29/2026, 8:12:43 PM [32m    LOG[39m [38;5;3m[RouterExplorer] [39m[32mMapped {/groups/:id, DELETE} route[39m[38;5;3m +0ms[39m
[32m[Nest] 54424  - [39m08/29/2026, 8:12:43 PM [32m    LOG[39m [38;5;3m[RouterExplorer] [39m[32mMapped {/groups/:id/visibility, PATCH} route[39m[38;5;3m +0ms[39m
[32m[Nest] 54424  - [39m08/29/2026, 8:12:43 PM [32m    LOG[39m [38;5;3m[RouterExplorer] [39m[32mMapped {/groups/:id/members/invite, POST} route[39m[38;5;3m +0ms[39m
[32m[Nest] 54424  - [39m08/29/2026, 8:12:43 PM [32m    LOG[39m [38;5;3m[RouterExplorer] [39m[32mMapped {/groups/:id/invites, GET} route[39m[38;5;3m +0ms[39m
[32m[Nest] 54424  - [39m08/29/2026, 8:12:43 PM [32m    LOG[39m [38;5;3m[RouterExplorer] [39m[32mMapped {/groups/:id/invites/:inviteId, DELETE} route[39m[38;5;3m +0ms[39m
[32m[Nest] 54424  - [39m08/29/2026, 8:12:43 PM [32m    LOG[39m [38;5;3m[RouterExplorer] [39m[32mMapped {/groups/:id/invite-link, GET} route[39m[38;5;3m +0ms[39m
[32m[Nest] 54424  - [39m08/29/2026, 8:12:43 PM [32m    LOG[39m [38;5;3m[RouterExplorer] [39m[32mMapped {/groups/:id/invite-link, POST} route[39m[38;5;3m +0ms[39m
[32m[Nest] 54424  - [39m08/29/2026, 8:12:43 PM [32m    LOG[39m [38;5;3m[RouterExplorer] [39m[32mMapped {/groups/:id/join-requests, GET} route[39m[38;5;3m +0ms[39m
[32m[Nest] 54424  - [39m08/29/2026, 8:12:43 PM [32m    LOG[39m [38;5;3m[RouterExplorer] [39m[32mMapped {/groups/:id/join-requests/:requestId, PATCH} route[39m[38;5;3m +0ms[39m
[32m[Nest] 54424  - [39m08/29/2026, 8:12:43 PM [32m    LOG[39m [38;5;3m[RouterExplorer] [39m[32mMapped {/groups/:id/members/:userId/role, PATCH} route[39m[38;5;3m +0ms[39m
[32m[Nest] 54424  - [39m08/29/2026, 8:12:43 PM [32m    LOG[39m [38;5;3m[RouterExplorer] [39m[32mMapped {/groups/:id/members/:userId, DELETE} route[39m[38;5;3m +1ms[39m
[32m[Nest] 54424  - [39m08/29/2026, 8:12:43 PM [32m    LOG[39m [38;5;3m[RouterExplorer] [39m[32mMapped {/groups/:id/members/:userId/transfer-leadership, PATCH} route[39m[38;5;3m +0ms[39m
[32m[Nest] 54424  - [39m08/29/2026, 8:12:43 PM [32m    LOG[39m [38;5;3m[RouterExplorer] [39m[32mMapped {/groups/:id/tasks, GET} route[39m[38;5;3m +0ms[39m
[32m[Nest] 54424  - [39m08/29/2026, 8:12:43 PM [32m    LOG[39m [38;5;3m[RouterExplorer] [39m[32mMapped {/groups/:id/tasks, POST} route[39m[38;5;3m +0ms[39m
[32m[Nest] 54424  - [39m08/29/2026, 8:12:43 PM [32m    LOG[39m [38;5;3m[RouterExplorer] [39m[32mMapped {/groups/:id/tasks/:taskId, PATCH} route[39m[38;5;3m +0ms[39m
[32m[Nest] 54424  - [39m08/29/2026, 8:12:43 PM [32m    LOG[39m [38;5;3m[RouterExplorer] [39m[32mMapped {/groups/:id/tasks/:taskId, DELETE} route[39m[38;5;3m +0ms[39m
[32m[Nest] 54424  - [39m08/29/2026, 8:12:43 PM [32m    LOG[39m [38;5;3m[RouterExplorer] [39m[32mMapped {/groups/:id/messages, GET} route[39m[38;5;3m +0ms[39m
[32m[Nest] 54424  - [39m08/29/2026, 8:12:43 PM [32m    LOG[39m [38;5;3m[RouterExplorer] [39m[32mMapped {/groups/:id/messages, POST} route[39m[38;5;3m +0ms[39m
[32m[Nest] 54424  - [39m08/29/2026, 8:12:43 PM [32m    LOG[39m [38;5;3m[RouterExplorer] [39m[32mMapped {/groups/:id/messages/:messageId, PATCH} route[39m[38;5;3m +0ms[39m
[32m[Nest] 54424  - [39m08/29/2026, 8:12:43 PM [32m    LOG[39m [38;5;3m[RouterExplorer] [39m[32mMapped {/groups/:id/messages/:messageId, DELETE} route[39m[38;5;3m +0ms[39m
[32m[Nest] 54424  - [39m08/29/2026, 8:12:43 PM [32m    LOG[39m [38;5;3m[RoutesResolver] [39m[32mSystemNotificationsController {/system-notifications}:[39m[38;5;3m +0ms[39m
[32m[Nest] 54424  - [39m08/29/2026, 8:12:43 PM [32m    LOG[39m [38;5;3m[RouterExplorer] [39m[32mMapped {/system-notifications, POST} route[39m[38;5;3m +0ms[39m
[32m[Nest] 54424  - [39m08/29/2026, 8:12:43 PM [32m    LOG[39m [38;5;3m[NestApplication] [39m[32mNest application successfully started[39m[38;5;3m +9ms[39m
